// Jest Snapshot v1, https://goo.gl/fbAQLP

exports[`Message model should have the expected properties 1`] = `
Object {
  "author": "bot",
  "key": "key",
  "text": "The title",
  "timestamp": 1637533924211,
  "type": "text",
}
`;
